[deckent] scheduler engine: reducer
[deckent] scheduler engine: reducer
[1m● Sprint #698 Complete[0m[2m  9m 16s[0m
[2m────────────────────────────────────────────────[0m

[1mResults[0m
  [32m✓ 4 done[0m  [33m⚡ 0 debt[0m  [31m✗ 0 no-go[0m

[1mEvaluation Summary[0m
  [32mGO (DONE):[0m        4
  [33mGO_WITH_TECH_DEBT:[0m 0
  [31mNO_GO:[0m             0

[1mTask Breakdown[0m
[2m  ID        │Title                   │Status              │Agent         │Duration[0m
[2m  ──────────┬────────────────────────┬────────────────────┬──────────────┬────────[0m
  698-001   │698-001                 │[32mDONE                [0m│-             │-       
  698-002   │698-002                 │[32mDONE                [0m│-             │-       
  698-003   │698-003                 │[32mDONE                [0m│-             │-       
  698-004   │698-004                 │[32mDONE                [0m│-             │-       

[1mChanges[0m
  [2msrc/core/skill-pool.ts | attempt 77e8f792-7043-4c34-b5ee-eb6a04aa039d[0m
  [2msrc/orchestra/run-flow-coordinator.ts | attempt 9eaff65c-c75d-48a9-a370-3913c1cc2598[0m
  [2mtests/cli/sync-skill.test.ts | attempt 77e8f792-7043-4c34-b5ee-eb6a04aa039d[0m
  [2mtests/e2e/skill-package-sync-proof.test.ts | attempt 9a519746-2d74-4e2a-af91-29057b8914cc[0m
  [2mtests/orchestra/run-flow-coordinator.test.ts | attempt 9eaff65c-c75d-48a9-a370-3913c1cc2598[0m
  [2m... 1 more files[0m

[1mTests[0m
  +4 new │ 4 total │ 0.0% coverage

[1mAgent Performance[0m
  [2mAgent          Tasks  Done%[0m
  implementer        3  [32m 100%[0m
  test-guardian      1  [32m 100%[0m

[1mLearnings[0m
  [32m✓[0m Implemented atomic body materialization for missing declared entrypoints while preserving and reporting user-edited bodies.
Authored builtin profiles now retain manifest authority with manifest-profile provenance and the current derivation version; profile-less builtins retain existing derivation.
Verification: VITEST_MAX_FORKS=2 npx vitest run tests/cli/sync-skill.test.ts passed (6/6 tests).
  [32m✓[0m Implemented the required mock-free tmpdir effective-path regression seal. The test reads builtin manifest profiles from disk, compares them with the effective catalog, and verifies manifest-profile provenance, byte idempotency, and preserved local SKILL.md edits. Coverage was not measured.
  [32m✓[0m SCOPED_GREEN: VITEST_MAX_FORKS=2 npx vitest run tests/scripts/clean-active-execution-guard.test.ts passed (62/62). Coverage was not measured. The cross-process guard now expects the production typed foreign-host classification while retaining the assertion that maintenance blocks execution.

[1mNext Steps[0m
  → All tasks complete — ready for next sprint
Sprint 698 Complete!

Results: 4/4 tasks succeeded
Time: 9 minutes 16s total

What went well:
  ✓ No boundary violations

Next steps:
  → Run `deckent retro` for detailed retrospective
  → Run `deckent status --debt` to see tech debt
  → Ready for next sprint
