[deckent] scheduler engine: reducer
[1m● Sprint #705 Complete[0m[2m  15m 39s[0m
[2m────────────────────────────────────────────────[0m

[1mResults[0m
  [32m✓ 3 done[0m  [33m⚡ 0 debt[0m  [31m✗ 0 no-go[0m

[1mEvaluation Summary[0m
  [32mGO (DONE):[0m        3
  [33mGO_WITH_TECH_DEBT:[0m 0
  [31mNO_GO:[0m             0

[1mTask Breakdown[0m
[2m  ID        │Title                   │Status              │Agent         │Duration[0m
[2m  ──────────┬────────────────────────┬────────────────────┬──────────────┬────────[0m
  705-001   │705-001                 │[32mDONE                [0m│-             │-       
  705-002   │705-002                 │[32mDONE                [0m│-             │-       
  705-003   │705-003                 │[32mDONE                [0m│-             │-       

[1mChanges[0m
  [2msrc/intelligence/alarm-prompt.ts | attempt 17387281-7eb7-48b1-994a-1cd1f0aa4d0e[0m
  [2msrc/intelligence/baseline-catalog.ts | attempt 4828172f-f7a6-4009-be2d-b858b0a88a02[0m
  [2msrc/intelligence/baseline.ts | attempt 05513ac4-dfee-4040-8dc7-462d937d3f33[0m
  [2msrc/intelligence/comparison.ts | attempt 17387281-7eb7-48b1-994a-1cd1f0aa4d0e[0m
  [2msrc/intelligence/competitor-universe.ts | attempt 17387281-7eb7-48b1-994a-1cd1f0aa4d0e[0m
  [2m... 6 more files[0m

[1mTests[0m
  +3 new │ 3 total │ 0.0% coverage

[1mAgent Performance[0m
  [2mAgent          Tasks  Done%[0m
  implementer        3  [32m 100%[0m

[1mLearnings[0m
  [32m✓[0m Implemented the exact seven-state capability vocabulary, compile-time non-empty evidence refs, and all required entry fields.
Catalog is import-pure and covers every named canonical domain once; each initial HOLD is honestly bound to the admitted brief rather than claiming unscoped live proof.
Targeted verification: 1 file passed, 5 tests passed.
  [32m✓[0m Implemented deterministic, content-addressed baseline derivation with per-evidence and aggregate digests. The injectable reader keeps tests hermetic while the default production call uses node:fs/promises readFile. Missing or unreadable evidence is retained as an explicit reason and forces the affected typed entry to HOLD.
Verification: VITEST_MAX_FORKS=2 npx vitest run tests/intelligence/baseline.test.ts — 1 file passed, 3 tests passed.
docImpact: none identified.
  [32m✓[0m Implemented a deterministic, score-free comparison kernel with closed relative classifications and eight non-collapsed gap dimensions. Unknown competitors and terminology remain explicit typed values rather than being dropped. The significance gate admits only changed positions and suppresses LIVE_PROVEN DAG catch-up by default.
Verification: VITEST_MAX_FORKS=2 npx vitest run tests/intelligence/comparison.test.ts — 1 file passed, 6 tests passed.
docImpact: none identified.

[1mNext Steps[0m
  → All tasks complete — ready for next sprint
Sprint 705 Complete!

Results: 3/3 tasks succeeded
Time: 15 minutes 39s total

What went well:
  ✓ No boundary violations

Next steps:
  → Run `deckent retro` for detailed retrospective
  → Run `deckent status --debt` to see tech debt
  → Ready for next sprint
