DECKENT_BINARY_IDENTITY_WARN: `dist/` içindeki build bu source checkout ile artık eşleşmiyor (neden: build-source-mismatch). Devam ediliyor — CLI güncel kaynağı yansıtsın diye `npm run build` çalıştırın.
[deckent] scheduler engine: reducer
[1m● Sprint #706 Complete[0m[2m  11m 7s[0m
[2m────────────────────────────────────────────────[0m

[1mResults[0m
  [32m✓ 3 done[0m  [33m⚡ 1 debt[0m  [31m✗ 0 no-go[0m

[1mEvaluation Summary[0m
  [32mGO (DONE):[0m        3
  [33mGO_WITH_TECH_DEBT:[0m 1
  [31mNO_GO:[0m             0

[1mTask Breakdown[0m
[2m  ID        │Title                   │Status              │Agent         │Duration[0m
[2m  ──────────┬────────────────────────┬────────────────────┬──────────────┬────────[0m
  706-001   │706-001                 │[33mTECH_DEBT           [0m│-             │-       
  706-002   │706-002                 │[32mDONE                [0m│-             │-       
  706-003   │706-003                 │[32mDONE                [0m│-             │-       
  706-004   │706-004                 │[32mDONE                [0m│-             │-       

[1mChanges[0m
  [2msrc/intelligence/alert-formatter.ts | attempt d4f97d24-5047-4171-994a-9505afab8379[0m
  [2msrc/intelligence/event-history.ts | attempt 351b594b-5026-4e95-9439-8518859ee420[0m
  [2msrc/intelligence/index.ts | attempt a00c035c-cfaf-43bd-a841-35e67288def9[0m
  [2msrc/intelligence/source-retrieval.ts | attempt cb509595-dd15-4284-ab5d-1f2d22674cf6[0m
  [2msrc/intelligence/watch-service.ts | attempt a00c035c-cfaf-43bd-a841-35e67288def9[0m
  [2m... 4 more files[0m

[1mTests[0m
  +4 new │ 4 total │ 0.0% coverage

[1mAgent Performance[0m
  [2mAgent          Tasks  Done%[0m
  implementer        4  [32m 100%[0m

[1mLearnings[0m
  [32m✓[0m Implemented a closed, ordered official-source quality contract with injectable fetch, conditional retrieval, bounded timeout/retries, format-specific metadata parsing, independent typed outcomes, and digest/byte evidence without raw-body retention.
Verification: 1 test file passed, 8 tests passed.
docImpact: none identified.
TSC_DIRTY_RESIDUAL
src/intelligence/event-history.ts(165,7): error TS2322: Type 'CompetitorEvent' is not assignable to type 'Record<string, unknown>'.
Index signature for type 'string' is missing in type 'CompetitorEvent'.
src/intelligence/source-retrieval.ts(116,9): error TS2322: Type '{ status: string; source: SourceDefinition; conditional: ConditionalFetchState; attempts: number; } & ResultEvidence' is not assignable to type 'SourceRetrievalResult'.
Type '{ status: string; source: SourceDefinition; conditional: ConditionalFetchState; attempts: number; } & ResultEvidence' is not assignable to type 'ResultEvidence & { status: "hold"; source: SourceDefinition; conditional: ConditionalFetchState; reason: string; }'.
Property 'reason' is missing in type '{ status: string; source: SourceDefinition; conditional: ConditionalFetchState; attempts: number; } & ResultEvidence' but required in type '{ status: "hold"; source: SourceDefinition; conditional: ConditionalFetchState; reason: string; }'.
src/intelligence/source-retrieval.ts(125,9): error TS2322: Type '{ status: string; source: SourceDefinition; conditional: ConditionalFetchState; reason: string; attempts: number; } & ResultEvidence' is not assignable to type 'SourceRetrievalResult'.
Type '{ status: string; source: SourceDefinition; conditional: ConditionalFetchState; reason: string; attempts: number; } & ResultEvidence' is not assignable to type 'ResultEvidence & { status: "hold"; source: SourceDefinition; conditional: ConditionalFetchState; reason: string; }'.
Type '{ status: string; source: SourceDefinition; conditional: ConditionalFetchState; reason: string; attempts: number; } & ResultEvidence' is not assignable to type '{ status: "hold"; source: SourceDefinition; conditional: ConditionalFetchState; reason: string; }'.
Types of property 'status' are incompatible.
Type 'string' is not assignable to type '"hold"'.
src/intelligence/source-retrieval.ts(136,9): error TS2322: Type '{ status: string; source: SourceDefinition; conditional: ConditionalFetchState; entries: readonly SourceMetadata[]; attempts: number; } & ResultEvidence' is not assignable to type 'SourceRetrievalResult'.
Type '{ status: string; source: SourceDefinition; conditional: ConditionalFetchState; entries: readonly SourceMetadata[]; attempts: number; } & ResultEvidence' is not assignable to type 'ResultEvidence & { status: "ok"; source: SourceDefinition; conditional: ConditionalFetchState; entries: readonly SourceMetadata[]; }'.
Type '{ status: string; source: SourceDefinition; conditional: ConditionalFetchState; entries: readonly SourceMetadata[]; attempts: number; } & ResultEvidence' is not assignable to type '{ status: "ok"; source: SourceDefinition; conditional: ConditionalFetchState; entries: readonly SourceMetadata[]; }'.
Types of property 'status' are incompatible.
Type 'string' is not assignable to type '"ok"'.
src/intelligence/source-retrieval.ts(140,9): error TS2322: Type '{ status: string; source: SourceDefinition; conditional: ConditionalFetchState; reason: string; attempts: number; } & ResultEvidence' is not assignable to type 'SourceRetrievalResult'.
Type '{ status: string; source: SourceDefinition; conditional: ConditionalFetchState; reason: string; attempts: number; } & ResultEvidence' is not assignable to type 'ResultEvidence & { status: "hold"; source: SourceDefinition; conditional: ConditionalFetchState; reason: string; }'.
Type '{ status: string; source: SourceDefinition; conditional: ConditionalFetchState; reason: string; attempts: number; } & ResultEvidence' is not assignable to type '{ status: "hold"; source: SourceDefinition; conditional: ConditionalFetchState; reason: string; }'.
Types of property 'status' are incompatible.
Type 'string' is not assignable to type '"hold"'.
  [32m✓[0m Implemented deterministic semantic fingerprints, idempotent custom MemoryStore persistence, typed validation/storage outcomes, and ISO-8601 validation.
Verification: 1 test file passed, 3 tests passed.
docImpact: none identified.
  [32m✓[0m Implemented a deterministic, I/O-free Turkish compact alert formatter with injected timestamp, typed status/relative class/gap dimension output, exact baseline evidenceRefs propagation, and typed missing-baseline errors.
Verification: 1 test file passed, 4 tests passed.
docImpact: none identified.

[1mNext Steps[0m
  → Resolve 1 tech debt item(s) in next run
Sprint 706 Complete!

Results: 4/4 tasks succeeded
Time: 11 minutes 7s total

What went well:
  ✓ No boundary violations

Next steps:
  → Run `deckent retro` for detailed retrospective
  → Run `deckent status --debt` to see tech debt
  → Ready for next sprint
