[deckent] scheduler engine: reducer
[deckent] scheduler engine: reducer
● Sprint #661 Complete  8m 44s
────────────────────────────────────────────────

Results
  ✓ 2 done  ⚡ 1 debt  ✗ 0 no-go

Evaluation Summary
  GO (DONE):        2
  GO_WITH_TECH_DEBT: 1
  NO_GO:             0

Task Breakdown
  ID        │Title                   │Status              │Agent         │Duration
  ──────────┬────────────────────────┬────────────────────┬──────────────┬────────
  661-001   │661-001                 │DONE                │-             │-       
  661-002   │661-002                 │DONE                │-             │-       
  661-004   │661-004                 │TECH_DEBT           │-             │-       

Changes
  .deckent/settings/layer-shims.json | attempt 0794b7d8-eb38-4ffd-ba60-5980a71f6c18
  scripts/lint-layer-shims.mjs | attempt 0794b7d8-eb38-4ffd-ba60-5980a71f6c18
  src/orchestra/prompt-god-template.ts | attempt 1e7146a3-f7e2-45b2-a098-ca9ca66032f0
  src/orchestra/scheduler-driver.ts | attempt c58d3d25-6fb2-4ab1-9181-5d86cc46b381
  src/orchestra/scheduler-journal.ts | attempt c58d3d25-6fb2-4ab1-9181-5d86cc46b381
  ... 3 more files

Tests
  +3 new │ 9 total │ 0.0% coverage

Agent Performance
  Agent          Tasks  Done%
  implementer        3   100%

Learnings
  ⚠ Bug Fix Report: legacy raw scopes could be interpreted inconsistently and a caller-supplied PromptCompilePlan could bypass task-scope admission. Root cause was the absence of one canonical compilation boundary across plan persistence, dynamic FIX creation, and prompt spawn rendering. The minimal fix centralizes portable normalization and typed HOLD evidence in compileCanonicalScope, canonicalizes overlap before prompt rendering, fail-closes planner/FIX boundaries, and revalidates task scope even when a compile plan is supplied. Verification: the exact declared command passed 4 files / 70 tests. Coverage was not measured.
  ⚠ Root cause: thrown pre-dispatch admission failures shared the generic retry path, and the journal conflated planned reducer spawns with landed effects. The fix adds deterministic/transient typing, exactly-once terminal receipts, bounded durable retry/backoff/HOLD, and separate executed/decided/landed/skip evidence.
Verification: 4 focused files, 35 tests passed.
docImpact: none identified within binding ADR text.
  ✓ Production registry now carries the generated exact baseline/topology and configured build ignore. Default graph check was observed clean and read-only after initialization.

Next Steps
  → Resolve 1 tech debt item(s) in next run
[retro] RETRO fazında finalizeSprint hata verdi — retro/memory/export/arşiv adımları tamamlanmamış olabilir: TERMINAL_EVIDENCE_HOLD
Error: terminal-authority-hold:sprint-661:FINALIZER_FAILED:TERMINAL_EVIDENCE_HOLD
