[deckent] scheduler engine: reducer
[deckent] scheduler engine: reducer
[deckent] scheduler engine: reducer
● Sprint #646 Complete  15m 25s
────────────────────────────────────────────────

Results
  ✓ 4 done  ⚡ 0 debt  ✗ 0 no-go

Evaluation Summary
  GO (DONE):        4
  GO_WITH_TECH_DEBT: 0
  NO_GO:             0

Task Breakdown
  ID        │Title                   │Status              │Agent         │Duration
  ──────────┬────────────────────────┬────────────────────┬──────────────┬────────
  646-001   │646-001                 │DONE                │-             │-       
  646-002   │646-002                 │DONE                │-             │-       
  646-003   │646-003                 │DONE                │-             │-       
  646-004   │646-004                 │DONE                │-             │-       

Changes
  src/core/cross-verify-adjudication.ts | attempt 87a16298-f697-44a2-901d-8a131261abbc
  src/core/cross-verify-evidence-broker.ts | attempt 42538510-6ab6-4863-b393-7e874e16eb8a
  src/core/cross-verify-prompt.ts | attempt c3c6aea2-2120-4a7c-a3be-6bec36dc4795
  src/core/cross-verify-response-limits.ts | attempt 87a16298-f697-44a2-901d-8a131261abbc
  src/orchestra/cross-verify-runtime-bootstrap.ts | attempt 42538510-6ab6-4863-b393-7e874e16eb8a
  ... 5 more files

Tests
  +4 new │ 4 total │ 0.0% coverage

Agent Performance
  Agent          Tasks  Done%
  implementer        3   100%
  api-builder        1   100%

Learnings
  ✓ Implemented a dependency-free immutable response-limit SSOT (reason 8,192 chars; complete response 65,536 JavaScript chars; UTF-8 maximum 3 bytes per JavaScript character; derived raw-output ceiling 196,608 bytes). Adjudication now imports and re-exports the canonical reason limit. Evidence: npx tsc --noEmit passed; npx vitest run tests/core/cross-verify-adjudication.test.ts tests/core/cross-verify-response-limits.test.ts passed (27 tests). Existing external duplicate response/output limits are outside this task write authority and should consume the canonical module in follow-up work.
  ✓ Canonical complete-response ceiling is imported and re-exported by the prompt/parser while the concise reason instruction consumes the canonical 8,192-character limit. Added coverage for a real-shaped 2,169-character supported/CONFIRMED response, exact reason and full-response ceilings, and both ceiling-plus-one rejections; existing malformed/framing and non-budget schema rejection coverage remains intact. Evidence: npx tsc --noEmit passed; npx vitest run tests/core/cross-verify-prompt.test.ts passed (52 tests).
  ✓ Broker now re-exports the canonical derived raw-output byte cap for durable verdict receipt validation. Bootstrap checks complete semantic response characters multiplied by the UTF-8 worst-case bytes per JavaScript character against that cap. Evidence: npx tsc --noEmit passed; npx vitest run tests/core/cross-verify-evidence-broker.test.ts tests/orchestra/cross-verify-channel-truth.test.ts passed (23 tests), including ASCII/Unicode boundaries, receipt read/write rejection above cap, and ready bootstrap parity.

Next Steps
  → All tasks complete — ready for next sprint
Sprint 646 Complete!

Results: 4/4 tasks succeeded
Time: 15 minutes 25s total

What went well:
  ✓ No boundary violations

Next steps:
  → Run `deckent retro` for detailed retrospective
  → Run `deckent status --debt` to see tech debt
  → Ready for next sprint
