[deckent] scheduler engine: reducer
● Sprint #636 Complete  23m 11s
────────────────────────────────────────────────

Results
  ✓ 6 done  ⚡ 1 debt  ✗ 0 no-go

Evaluation Summary
  GO (DONE):        6
  GO_WITH_TECH_DEBT: 1
  NO_GO:             0

Task Breakdown
  ID        │Title                   │Status              │Agent         │Duration
  ──────────┬────────────────────────┬────────────────────┬──────────────┬────────
  636-001   │636-001                 │DONE                │-             │-       
  636-002   │636-002                 │DONE                │-             │-       
  636-003   │636-003                 │DONE                │-             │-       
  636-004   │636-004                 │TECH_DEBT           │-             │-       
  636-005   │636-005                 │DONE                │-             │-       
  636-006   │636-006                 │DONE                │-             │-       
  636-007   │636-007                 │DONE                │-             │-       

Changes
  src/cli/commands/provider-observations.ts | attempt 741da2f1-1351-4890-af39-20ef1a488cea
  src/cli/helpers/messages.ts | attempt 741da2f1-1351-4890-af39-20ef1a488cea
  src/core/provider-execution-observation-reconciliation-approval.ts | attempt e5a8ba4a-d943-48c5-a393-79e4b82d24ca
  src/core/provider-execution-observation-reconciliation-receipt-store.ts | attempt c162a540-c481-43af-97bb-7d1e323f5476
  src/core/provider-execution-observation-reconciliation.ts | attempt d230a563-8a42-4d33-a489-8dd634d645f9
  ... 11 more files

Tests
  +7 new │ 7 total │ 0.0% coverage

Agent Performance
  Agent          Tasks  Done%
  implementer        6   100%
  terminal-ux-engineer     1   100%

Learnings
  ✓ Implemented bounded read-only active-interval inventory and deterministic exact candidate planning tied to DB schema/lineage, execution/task/attempt/principal/fence, and closed settlement/closure receipt digests. Apply fresh-revalidates plan/preimage, atomically retires only exact candidate rows, preserves raw and HOLD evidence, reports before/after counts, and replays idempotently. Evidence: npx tsc --noEmit passed; required targeted Vitest command passed (48 tests).
  ✓ Implemented content-addressed reconciliation receipts with opaque project/tenant/environment scope, strict schema, private containment-safe storage, bounded discovery, first-writer link publication with fsync, exact replay/applied binding, and fresh lineage/retirement/HOLD verification. Evidence: npx tsc --noEmit passed; npx vitest run tests/core/provider-execution-observation-reconciliation-receipt-store.test.ts passed (4 tests).
  ✓ Implemented a reconciliation-specific ApprovalBroker adapter that binds project/tenant, exact plan and database preimage digests, candidate/hold counts, generation, expiry, and deny-on-timeout. Submission is deterministic/replay-safe; application requires a fresh live trusted allow, rejects self approval, mismatched/stale/untrusted/denied decisions, and exposes no decision-writing API. Evidence: npx tsc --noEmit passed; npx vitest run tests/core/provider-execution-observation-reconciliation-approval.test.ts passed (2 tests).

Next Steps
  → Resolve 1 tech debt item(s) in next run
Sprint 636 Complete!

Results: 7/7 tasks succeeded
Time: 23 minutes 12s total

What went well:
  ✓ No boundary violations

Next steps:
  → Run `deckent retro` for detailed retrospective
  → Run `deckent status --debt` to see tech debt
  → Ready for next sprint
