[deckent] scheduler engine: reducer
● Sprint #634 Complete  4m 12s
────────────────────────────────────────────────

Results
  ✓ 6 done  ⚡ 0 debt  ✗ 0 no-go

Evaluation Summary
  GO (DONE):        6
  GO_WITH_TECH_DEBT: 0
  NO_GO:             0

Task Breakdown
  ID        │Title                   │Status              │Agent         │Duration
  ──────────┬────────────────────────┬────────────────────┬──────────────┬────────
  634-001   │634-001                 │DONE                │-             │-       
  634-002   │634-002                 │DONE                │-             │-       
  634-003   │634-003                 │DONE                │-             │-       
  634-004   │634-004                 │DONE                │-             │-       
  634-005   │634-005                 │DONE                │-             │-       
  634-006   │634-006                 │DONE                │-             │-       

Changes
  No file changes recorded

Tests
  +6 new │ 6 total │ 0.0% coverage

Agent Performance
  Agent          Tasks  Done%
  implementer        5   100%
  terminal-ux-engineer     1   100%

Learnings
  ✓ Debt resolved: current package.json lint:gates already invokes node scripts/lint-sprint-archive-writers.mjs; no project mutation was necessary.
npx tsc --noEmit passed.
Targeted Vitest passed: tests/cli/archive-terminal-seal.test.ts, tests/cli/helpers/messages.test.ts, and tests/scripts/lint-sprint-archive-writers.test.ts.
  ⚠ Read-only verification completed; no source or test changes were required. Implementation uses the private writer-owned Brain projection only during first terminal commit, while public/replay verification reopens a detached immutable DB/WAL snapshot. Corruption and Brain/guarded-summary drift fail closed, and exact applied-seal replay remains idempotent. Evidence: npx tsc --noEmit passed; npx vitest run tests/core/sprint-archive-seal.test.ts tests/core/sprint-archive.test.ts passed (2 files, 37 tests).
  ✓ No project files modified, per task directive. Inspected both producer paths: normal finalizeSprint publishes final sprint authority then routes COMPLETE markers through publishOutermostSprintTerminalArchive; completed-checkpoint recovery obtains a committed terminal handoff receipt before routing its COMPLETE markers through the same canonical publisher. The canonical publisher first rejects absent/mismatched persisted receipts, reconciles and verifies the archive, appends the terminal event(s), then calls sealSprintArchiveTerminal and requires terminalComplete plus verifySprintArchiveTerminal before post-seal projection. Thus neither path can publish a successful RunFlow terminal marker before its bound archive receipt exists. Required verification passed: npx tsc --noEmit; npx vitest run tests/orchestra/archive-finalizer-normal-seal.integration.test.ts tests/orchestra/archive-finalizer-recovery-seal.integration.test.ts tests/orchestra/sprint-finalizer.test.ts (3 files, 56 tests). Scoped diff contained pre-existing finalizer/terminalizer and integration-test work; this worker made none.

Next Steps
  → All tasks complete — ready for next sprint
Error: SPRINT_ARCHIVE_TERMINAL_VERIFY_FAILED:brain_adoption_failed
