[deckent] scheduler engine: reducer
● Sprint #630 Complete  5m 56s
────────────────────────────────────────────────

Results
  ✓ 5 done  ⚡ 0 debt  ✗ 0 no-go

Evaluation Summary
  GO (DONE):        5
  GO_WITH_TECH_DEBT: 0
  NO_GO:             0

Task Breakdown
  ID        │Title                   │Status              │Agent         │Duration
  ──────────┬────────────────────────┬────────────────────┬──────────────┬────────
  630-001   │630-001                 │DONE                │-             │-       
  630-002   │630-002                 │DONE                │-             │-       
  630-003   │630-003                 │DONE                │-             │-       
  630-004   │630-004                 │DONE                │-             │-       
  630-005   │630-005                 │DONE                │-             │-       

Changes
  scripts/lint-sprint-archive-writers.mjs | attempt 9b6cf063-b922-4464-b55a-3f4e7906318b
  src/cli/commands/archive.ts | attempt 023748ef-6678-4b08-aba0-0656b85329ee
  src/cli/helpers/messages.ts | attempt 023748ef-6678-4b08-aba0-0656b85329ee
  tests/cli/archive-terminal-seal.test.ts | attempt 023748ef-6678-4b08-aba0-0656b85329ee
  tests/scripts/lint-sprint-archive-writers.test.ts | attempt 9b6cf063-b922-4464-b55a-3f4e7906318b

Tests
  +5 new │ 5 total │ 0.0% coverage

Agent Performance
  Agent          Tasks  Done%
  implementer        4   100%
  terminal-ux-engineer     1   100%

Learnings
  ✓ No blocker found in the permitted source. Reviewed exact terminal receipt/final-event binding, strict-prefix journal and retired sequence-counter replay, staged/applied receipt gating, link-safe Brain adoption, and detached DB+WAL verification. Evidence: npx tsc --noEmit exited 0; npx vitest run tests/core/sprint-archive-seal.test.ts tests/core/sprint-archive.test.ts --maxWorkers=2 exited 0 (30 tests passed). Existing scoped adversarial regressions cover symlinked Brain/archive/hot paths, tampered seal/application/metadata, malformed and concurrent WAL drift, and no-write HOLD behavior.
  ⚠ Unified normal completion, completed-checkpoint recovery, manual finalize, and force-abort through publishOutermostSprintTerminalArchive. The publisher binds terminal event projection and post-seal policy, replays applied seals read-only, resumes staged seals, and raises no-write HOLDs for changed identity/projection/policy. Normal and recovery integrations verify the final durable event, archive/Brain parity, counter retirement, idempotent replay, and mismatch no-write behavior. npx tsc --noEmit passed. Definition-of-Done command passed: 3 files, 58 tests. The plan-expanded four-file run had 21 unrelated existing sprint-controller failures (provider owner-authorization containment and missing task fixture CAS); the three lifecycle-targeted files passed in that same run.
  ⚠ Validated canonical terminal inspect/verify/repair paths, receipt parsing, exact initial/replay preimages, typed raw-error-free failure output, and en/tr message authority. npx tsc --noEmit passed. npx vitest run tests/cli/archive-terminal-seal.test.ts tests/cli/finalize-refinalize.test.ts tests/cli/helpers/messages.test.ts --maxWorkers=2 passed: 142 tests.

Next Steps
  → All tasks complete — ready for next sprint
Error: SPRINT_ARCHIVE_TERMINAL_SEAL_HOLD:brain_adoption_failed
