[deckent] scheduler engine: reducer
● Sprint #635 Complete  4m 12s
────────────────────────────────────────────────

Results
  ✓ 5 done  ⚡ 0 debt  ✗ 0 no-go

Evaluation Summary
  GO (DONE):        5
  GO_WITH_TECH_DEBT: 0
  NO_GO:             0

Task Breakdown
  ID        │Title                   │Status              │Agent         │Duration
  ──────────┬────────────────────────┬────────────────────┬──────────────┬────────
  635-001   │635-001                 │DONE                │-             │-       
  635-002   │635-002                 │DONE                │-             │-       
  635-003   │635-003                 │DONE                │-             │-       
  635-004   │635-004                 │DONE                │-             │-       
  635-005   │635-005                 │DONE                │-             │-       

Changes
  No file changes recorded

Tests
  +5 new │ 5 total │ 0.0% coverage

Agent Performance
  Agent          Tasks  Done%
  implementer        5   100%

Learnings
  ⚠ No project files modified, as directed. Inspected src/core/sprint-archive.ts, its bounded core callers, and both archive test suites. Terminal implementation uses a private TrustedBrainProjection only during the first writer commit; public/replay verification reopens a detached immutable DB/WAL snapshot. Tests cover fail-closed corruption and Brain/summary drift plus idempotent replay. npx tsc --noEmit passed; exact targeted Vitest command passed.
  ✓ No project files modified, as directed. Wiring inspection: normal finalize publishes its fenced terminal receipt and requires cleanup eligibility before its outer terminal archive publication; the canonical publisher first verifies the persisted bound receipt before writing terminal events and calling sealSprintArchiveTerminal. Recovery obtains its receipt through the finalizer/test receipt path, resolves and commits the terminal handoff, then delegates to the same publishOutermostSprintTerminalArchive canonical sealer. Required verification passed: npx tsc --noEmit (exit 0); npx vitest run tests/orchestra/archive-finalizer-normal-seal.integration.test.ts tests/orchestra/archive-finalizer-recovery-seal.integration.test.ts tests/orchestra/sprint-finalizer.test.ts (3 files, 56 tests passed).
  ⚠ Verified scoped implementation and tests without source changes. rotateMetricsFile stages gzip outside the archive namespace, delegates publication and terminal admission to publishSprintArchiveArtifact, verifies canonical publication plus exact archive bytes before truncating hot metrics, and its finally block removes only the process-owned staging path. Targeted tests cover redirected namespace and terminal-sealed typed SprintArchivePublicationError failures, preserve hot metrics, and assert staging cleanup. npx tsc --noEmit and npx vitest run tests/core/observability-rotation.test.ts both passed.

Next Steps
  → All tasks complete — ready for next sprint
Sprint 635 Complete!

Results: 5/5 tasks succeeded
Time: 4 minutes 12s total

What went well:
  ✓ No boundary violations

Next steps:
  → Run `deckent retro` for detailed retrospective
  → Run `deckent status --debt` to see tech debt
  → Ready for next sprint
