[deckent] scheduler engine: reducer
[deckent] scheduler engine: reducer
[1m● Sprint #704 Complete[0m[2m  20m 32s[0m
[2m────────────────────────────────────────────────[0m

[1mResults[0m
  [32m✓ 4 done[0m  [33m⚡ 0 debt[0m  [31m✗ 0 no-go[0m

[1mEvaluation Summary[0m
  [32mGO (DONE):[0m        4
  [33mGO_WITH_TECH_DEBT:[0m 0
  [31mNO_GO:[0m             0

[1mTask Breakdown[0m
[2m  ID        │Title                   │Status              │Agent         │Duration[0m
[2m  ──────────┬────────────────────────┬────────────────────┬──────────────┬────────[0m
  704-001   │704-001                 │[32mDONE                [0m│-             │-       
  704-002   │704-002                 │[32mDONE                [0m│-             │-       
  704-003   │704-003                 │[32mDONE                [0m│-             │-       
  704-004   │704-004                 │[32mDONE                [0m│-             │-       

[1mChanges[0m
  [2msrc/cli/helpers/message-catalog/cli-runtime-help.ts | attempt 1aba935d-f91a-4b73-bdc5-cf1caaad617e[0m
  [2msrc/orchestra/repair-queue-authority.ts | attempt e6c4c7f8-e8dd-4584-aea8-a6f8443d79c6[0m
  [2msrc/orchestra/sprint-controller.ts | attempt 1aba935d-f91a-4b73-bdc5-cf1caaad617e[0m
  [2msrc/orchestra/sprint-phases.ts | attempt b9ea7114-6854-40d4-8ea6-6bd5e593eb20,e6c4c7f8-e8dd-4584-aea8-a6f8443d79c6[0m
  [2mtests/orchestra/repair-dispatch-chain-seal.test.ts | attempt 6fe3ebeb-107b-4001-8257-9af0be0a8aa9[0m
  [2m... 3 more files[0m

[1mTests[0m
  +4 new │ 4 total │ 0.0% coverage

[1mAgent Performance[0m
  [2mAgent          Tasks  Done%[0m
  implementer        3  [32m 100%[0m
  test-guardian      1  [32m 100%[0m

[1mLearnings[0m
  [32m✓[0m Wired both repair overflow queues into the production collector dispatch mechanism and retained scheduler skip publication with accurate queue-wait wording.
Verification: 1 test file passed, 4 tests passed.
docImpact: none identified.
  [33m⚠[0m Implemented repair-queue-authority.json as the single schema-versioned durable queue authority without changing scheduler-effects shadow journaling. Admission is deterministic and idempotent; corrupt final authority fails closed with a typed error; same-directory temp files are ignored until atomic rename.
Verification: 1 test file passed, 5 tests passed.
docImpact: none identified.
  [32m✓[0m Implemented a fenced durable repair-queue snapshot ahead of both post-FIX PAUSE gates. Non-empty snapshots now yield a typed ADMITTED_REPAIR_QUEUE_NOT_DRAINED outcome carrying pending queue counts and localized operator text instead of silently pausing; quiescent snapshots retain existing fix_circuit_breaker count/ratio behavior and policy-terminal NOT_DISPATCHED truth.
Verification: 1 test file passed, 4 tests passed.
docImpact: none identified.

[1mNext Steps[0m
  → All tasks complete — ready for next sprint
Sprint 704 Complete!

Results: 4/4 tasks succeeded
Time: 20 minutes 32s total

What went well:
  ✓ No boundary violations

Next steps:
  → Run `deckent retro` for detailed retrospective
  → Run `deckent status --debt` to see tech debt
  → Ready for next sprint
