[deckent] scheduler engine: reducer
[deckent] scheduler engine: reducer
[deckent] scheduler engine: reducer
● Sprint #632 Complete  5m 57s
────────────────────────────────────────────────

Results
  ✓ 4 done  ⚡ 0 debt  ✗ 0 no-go

Evaluation Summary
  GO (DONE):        4
  GO_WITH_TECH_DEBT: 0
  NO_GO:             0

Task Breakdown
  ID        │Title                   │Status              │Agent         │Duration
  ──────────┬────────────────────────┬────────────────────┬──────────────┬────────
  632-001   │632-001                 │DONE                │-             │-       
  632-002   │632-002                 │DONE                │-             │-       
  632-003   │632-003                 │DONE                │-             │-       
  632-004   │632-004                 │DONE                │-             │-       

Changes
  src/core/observability-rotation.ts | attempt 24e80a02-6f84-4261-bfca-a16d4e045510
  src/core/sprint-archive.ts | attempt ab329b00-9ee4-4df3-b603-95bc7b9552da
  tests/core/observability-rotation.test.ts | attempt 24e80a02-6f84-4261-bfca-a16d4e045510
  tests/core/sprint-archive-seal.test.ts | attempt ab329b00-9ee4-4df3-b603-95bc7b9552da

Tests
  +4 new │ 4 total │ 0.0% coverage

Agent Performance
  Agent          Tasks  Done%
  implementer        4   100%

Learnings
  ⚠ Implemented typed fail-closed publication errors; pre-mutation canonical namespace and destination-component link checks; terminal seal/application write rejection with exact replay-only retirement. Verified: npx tsc --noEmit; npx vitest run tests/core/sprint-archive-seal.test.ts tests/core/sprint-archive.test.ts (36 tests passed).
  ✓ Mapped goal: rotation now writes deterministic gzip bytes only to a bounded .deckent staging file, publishes archive bytes exclusively through publishSprintArchiveArtifact, independently checks the exact destination, and truncates hot metrics only after that proof. Publication rejection leaves hot metrics intact and finally cleans process-owned staging. Added real-producer redirected namespace (Linux/macOS symlink; Windows junction) and terminal-sealed no-mutation coverage. Verification: npx tsc --noEmit passed; npx vitest run tests/core/observability-rotation.test.ts passed (27 tests).
  ✓ Removed rotateMetricsFile from both raw canonical-writer and legacy-retirement allowlists. Added metrics rotation ratchet coverage for mkdir/write/link/unlink rejection and imported canonical publisher acceptance; existing computed-member and exact-symbol anti-spoofing tests remain. Verified production scan, npx tsc --noEmit, and targeted Vitest test file.

Next Steps
  → All tasks complete — ready for next sprint
Error: SPRINT_ARCHIVE_TERMINAL_SEAL_HOLD:brain_adoption_failed
