[deckent] scheduler engine: reducer
● Sprint #631 Complete  7m 58s
────────────────────────────────────────────────

Results
  ✓ 4 done  ⚡ 1 debt  ✗ 0 no-go

Evaluation Summary
  GO (DONE):        4
  GO_WITH_TECH_DEBT: 1
  NO_GO:             0

Task Breakdown
  ID        │Title                   │Status              │Agent         │Duration
  ──────────┬────────────────────────┬────────────────────┬──────────────┬────────
  631-001   │631-001                 │DONE                │-             │-       
  631-002   │631-002                 │DONE                │-             │-       
  631-003   │631-003                 │TECH_DEBT           │-             │-       
  631-004   │631-004                 │DONE                │-             │-       
  631-005   │631-005                 │DONE                │-             │-       

Changes
  scripts/lint-sprint-archive-writers.mjs | attempt 9d766edc-15f9-47b8-8cd7-baf553a179f2
  src/cli/commands/archive.ts | attempt 4fcdb08a-8b5a-4641-b49c-612556613f12
  src/cli/helpers/messages.ts | attempt 4fcdb08a-8b5a-4641-b49c-612556613f12
  src/core/runtime-evaluation-retention.ts | attempt 9d766edc-15f9-47b8-8cd7-baf553a179f2
  src/core/sprint-archive.ts | attempt 8490c2e5-4418-4dfd-aa99-90dda2dbcc42
  ... 9 more files

Tests
  +5 new │ 5 total │ 0.0% coverage

Agent Performance
  Agent          Tasks  Done%
  implementer        4   100%
  terminal-ux-engineer     1   100%

Learnings
  ✓ Removed normal-finalization load report generation, product-doc persistence, and LOAD_REPORT_WRITTEN emission while retaining the on-demand formatter. Evidence: npx tsc --noEmit passed; npx vitest run tests/orchestra/sprint-finalizer.test.ts passed (53 tests).
  ⚠ Verified npx tsc --noEmit and the required four targeted test files: 34 tests passed. Terminal application now retires only the seal-bound hot counter and verifies retirement; parsed ready/failed same-sprint handoffs are archived under tasks/handoffs and retired only after generic exact destination identity proof.
  ⚠ Implemented a language-invariant terminal JSON failure envelope with typed code/reason, conservative mutation state, seal/application state, verification status, preserved core result, and replay/verify guidance. Retained archive-or-hot original-preimage acceptance for receipt-bound replay. Human repair success now labels manifest, Brain-index, and guarded-summary digests separately. Added staged partial core failure followed by same-original-preimage replay coverage. Targeted tests passed: npx vitest run tests/cli/archive-terminal-seal.test.ts tests/cli/helpers/messages.test.ts (120 tests). Global TypeScript validation failed only on out-of-scope src/core/sprint-archive.ts:1801 (TS6133 hotSequence unused).

Next Steps
  → Resolve 1 tech debt item(s) in next run
Error: SPRINT_ARCHIVE_TERMINAL_SEAL_HOLD:brain_adoption_failed
