[deckent] scheduler engine: reducer
[1m● Sprint #700 Complete[0m[2m  9m 26s[0m
[2m────────────────────────────────────────────────[0m

[1mResults[0m
  [32m✓ 3 done[0m  [33m⚡ 1 debt[0m  [31m✗ 0 no-go[0m

[1mEvaluation Summary[0m
  [32mGO (DONE):[0m        3
  [33mGO_WITH_TECH_DEBT:[0m 1
  [31mNO_GO:[0m             0

[1mTask Breakdown[0m
[2m  ID        │Title                   │Status              │Agent         │Duration[0m
[2m  ──────────┬────────────────────────┬────────────────────┬──────────────┬────────[0m
  700-001   │700-001                 │[32mDONE                [0m│-             │-       
  700-002   │700-002                 │[32mDONE                [0m│-             │-       
  700-003   │700-003                 │[33mTECH_DEBT           [0m│-             │-       
  700-004   │700-004                 │[32mDONE                [0m│-             │-       

[1mChanges[0m
  [2msrc/core/task-types.ts | attempt 64595f39-f7b2-4be4-a6d3-4f5f141b6b34[0m
  [2msrc/orchestra/debt-manager.ts | attempt 64595f39-f7b2-4be4-a6d3-4f5f141b6b34[0m
  [2msrc/orchestra/fix-failure-classification.ts | attempt 0ed13f32-1bf6-4319-a033-dddd0fafddae[0m
  [2msrc/orchestra/result-evaluator.ts | attempt 0ed13f32-1bf6-4319-a033-dddd0fafddae[0m
  [2msrc/orchestra/scheduler-effects.ts | attempt 226e93c2-69ba-4aca-a382-e80036390b0e[0m
  [2m... 13 more files[0m

[1mTests[0m
  +4 new │ 4 total │ 0.0% coverage

[1mAgent Performance[0m
  [2mAgent          Tasks  Done%[0m
  implementer        3  [32m 100%[0m
  test-guardian      1  [32m 100%[0m

[1mLearnings[0m
  [33m⚠[0m Canonical pre-dispatch failure policy now gates both evaluator FIX selection and fix-failure classification. Policy-denied settlements produce typed cascadeSkip audit entries carrying the exact settlement evidence reference and cannot mint repair candidates. No policy table was duplicated and no new CLI-facing text was added. Verification: tsc clean; 3 targeted files, 178 tests passed.
  [33m⚠[0m Canonical resolver is now re-consulted at all three requested defense-in-depth boundaries. Typed REPAIR_NO_MINT/NoMintRepair observability is fail-soft, repair dispatch is suppressed, and reducer cascade-skip continues the dependent chain.
Verification: tsc passed; targeted Vitest run passed 3 files / 13 tests.
  [33m⚠[0m Implemented planner-to-builder forceModel propagation and direct/cross repair inheritance of the original forceModel constraint and forceSkills verbatim, including an explicit empty skill list. Targeted tests passed: 345 tests across 3 files. npx tsc --noEmit failed only in src/orchestra/scheduler-effects.ts (unused imports and missing return), outside write authority.

[1mNext Steps[0m
  → Resolve 1 tech debt item(s) in next run
Sprint 700 Complete!

Results: 4/4 tasks succeeded
Time: 9 minutes 26s total

What went well:
  ✓ No boundary violations

Next steps:
  → Run `deckent retro` for detailed retrospective
  → Run `deckent status --debt` to see tech debt
  → Ready for next sprint
