[deckent] scheduler engine: reducer
● Sprint #652 Complete  14m 22s
────────────────────────────────────────────────

Results
  ✓ 4 done  ⚡ 0 debt  ✗ 0 no-go

Evaluation Summary
  GO (DONE):        4
  GO_WITH_TECH_DEBT: 0
  NO_GO:             0

Task Breakdown
  ID        │Title                   │Status              │Agent         │Duration
  ──────────┬────────────────────────┬────────────────────┬──────────────┬────────
  652-001   │652-001                 │DONE                │-             │-       
  652-002   │652-002                 │DONE                │-             │-       
  652-003   │652-003                 │DONE                │-             │-       
  652-004   │652-004                 │DONE                │-             │-       

Changes
  src/core/acceptance-matrix.ts | attempt 6755370d-4cbd-4657-ad9b-7b41efb27451
  src/core/task-types.ts | attempt 1ea242e9-cdb7-4153-9fbd-a8503dffa093
  src/core/work-model.ts | attempt 1ea242e9-cdb7-4153-9fbd-a8503dffa093
  src/orchestra/result-evaluator.ts | attempt acb510b9-a9d7-4f55-bbf9-4591d438cf2e
  src/orchestra/rubric-registry.ts | attempt 1ea242e9-cdb7-4153-9fbd-a8503dffa093
  ... 7 more files

Tests
  +4 new │ 4 total │ 0.0% coverage

Agent Performance
  Agent          Tasks  Done%
  implementer        4   100%

Learnings
  ⚠ Added a typed, frozen REQUIRED/OPTIONAL/NOT_APPLICABLE vocabulary and a total deeply frozen matrix covering every TASK_KINDS member through the canonical taskKindToRubric adapter. Resolution honors explicit canonical task.type before legacy scope fallback; doc/audit testsPassed:false is NOT_APPLICABLE, code test failure remains REQUIRED, and non-measurable-language coverage remains OPTIONAL through the existing coverage adapters while TypeScript coverage remains REQUIRED. Verified npx tsc --noEmit (exit 0); required targeted suite passed 215/215; rubric coverage-renormalization regression suite passed 5/5. Coverage was not measured.
  ✓ Exact gap fix: DECIDABLE_VERDICTS now derives from NORMATIVE_VERDICTS, keeping HOLD procedurally excluded without a duplicate runtime verdict literal. Verified converters and durable audit projection already use verdict-types authority. npx tsc --noEmit passed; VITEST_MAX_FORKS=2 npx vitest run tests/core/acceptance-matrix.test.ts tests/core/verdict-types.test.ts passed (2 files, 11 tests). Scoped diff check passed; no pre-existing scoped mutation was present.
  ⚠ Main evaluation and durable reconstruction now resolve the same canonical rubric and applicability matrix. N/A/optional coverage is excluded from canonical weighted scoring and canonical-path/reconstruction audit rows make applicability explicit. Reconstruction preserves worker NO_GO, concrete test failure, scope, schema, and residual-debt ceilings; unavailable rubric authority returns a typed conservative result with an explicit -1 unavailable sentinel rather than a fabricated zero. Verified: npx tsc --noEmit; VITEST_MAX_FORKS=2 npx vitest run tests/orchestra/result-evaluator.test.ts tests/orchestra/rubric-registry.test.ts tests/orchestra/result-evaluator-typed.test.ts tests/orchestra/rubric-coverage-renorm.test.ts (199 tests passed).

Next Steps
  → All tasks complete — ready for next sprint
Sprint 652 Complete!

Results: 4/4 tasks succeeded
Time: 14 minutes 22s total

What went well:
  ✓ No boundary violations

Next steps:
  → Run `deckent retro` for detailed retrospective
  → Run `deckent status --debt` to see tech debt
  → Ready for next sprint
