[deckent] scheduler engine: reducer
[deckent] scheduler engine: reducer
[deckent] scheduler engine: reducer
● Sprint #649 Complete  29m 7s
────────────────────────────────────────────────

Results
  ✓ 3 done  ⚡ 1 debt  ✗ 0 no-go

Evaluation Summary
  GO (DONE):        3
  GO_WITH_TECH_DEBT: 1
  NO_GO:             0

Task Breakdown
  ID        │Title                   │Status              │Agent         │Duration
  ──────────┬────────────────────────┬────────────────────┬──────────────┬────────
  649-001   │649-001                 │DONE                │-             │-       
  649-002   │649-002                 │TECH_DEBT           │-             │-       
  649-003   │649-003                 │DONE                │-             │-       
  649-004   │649-004                 │DONE                │-             │-       

Changes
  src/core/prompt-cost-canary-archive.ts | attempt f7be41fb-deac-41aa-bd83-0dcbb94223f9
  src/core/sprint-archive.ts | attempt d99628d8-5e07-4395-9035-269f120dd301
  src/orchestra/sprint-finalizer.ts | attempt 0669a34e-d701-474d-8949-5256256f681b
  tests/core/prompt-cost-canary-archive.test.ts | attempt f7be41fb-deac-41aa-bd83-0dcbb94223f9
  tests/core/sprint-archive-seal.test.ts | attempt d99628d8-5e07-4395-9035-269f120dd301
  ... 1 more files

Tests
  +4 new │ 4 total │ 0.0% coverage

Agent Performance
  Agent          Tasks  Done%
  implementer        3   100%
  api-builder        1   100%

Learnings
  ✓ Implemented temporal-stable per-sprint guarded-summary binding in archive-index metadata. Historical replay after a second canonical Brain adoption is covered, while archive-row tampering remains rejected. Verified: npx tsc --noEmit; VITEST_MAX_FORKS=2 npx vitest run tests/core/sprint-archive-seal.test.ts tests/core/sprint-archive.test.ts (37 tests passed).
  ⚠ Implemented narrow dotted-sidecar exclusion for canonical task paths, exact-attempt evaluation indexing, and root/FIX terminal lineage validation. Focused test command passed: VITEST_MAX_FORKS=2 npx vitest run tests/core/prompt-cost-canary-archive.test.ts (4/4). npx tsc --noEmit was run and failed only at pre-existing/out-of-scope src/core/sprint-archive.ts:1053-1055 (TS18047).
  ✓ Unified same-call, staged-resume, and applied-replay consumers on the shared SprintArchiveTerminalVerificationReport matcher, including application manifest/seal/per-sprint Brain bindings. Added integration coverage that publishes sprint-906 after sprint-905, then replays sprint-905 without rewriting authority; terminal event conflict and historic Brain-row tampering throw SprintTerminalArchivePublicationError while the old journal remains unchanged. Verified: npx tsc --noEmit; VITEST_MAX_FORKS=2 npx vitest run tests/orchestra/archive-finalizer-normal-seal.integration.test.ts tests/orchestra/sprint-finalizer.test.ts (55 tests passed).

Next Steps
  → Resolve 1 tech debt item(s) in next run
Sprint 649 Complete!

Results: 4/4 tasks succeeded
Time: 29 minutes 8s total

What went well:
  ✓ No boundary violations

Next steps:
  → Run `deckent retro` for detailed retrospective
  → Run `deckent status --debt` to see tech debt
  → Ready for next sprint
