[deckent] scheduler engine: reducer
[1m● Sprint #703 Complete[0m[2m  15m 32s[0m
[2m────────────────────────────────────────────────[0m

[1mResults[0m
  [32m✓ 4 done[0m  [33m⚡ 0 debt[0m  [31m✗ 0 no-go[0m

[1mEvaluation Summary[0m
  [32mGO (DONE):[0m        4
  [33mGO_WITH_TECH_DEBT:[0m 0
  [31mNO_GO:[0m             0

[1mTask Breakdown[0m
[2m  ID        │Title                   │Status              │Agent         │Duration[0m
[2m  ──────────┬────────────────────────┬────────────────────┬──────────────┬────────[0m
  703-001   │703-001                 │[32mDONE                [0m│-             │-       
  703-002   │703-002                 │[32mDONE                [0m│-             │-       
  703-003   │703-003                 │[32mDONE                [0m│-             │-       
  703-004   │703-004                 │[32mDONE                [0m│-             │-       

[1mChanges[0m
  [2m.analysis/audits/terminal-publication-mixed-outcome-block-trace-2026-08-27.md | attempt 5b07540b-0d1c-41db-b062-77a78b69d9ff[0m
  [2msrc/orchestra/sprint-finalizer.ts | attempt 41d7a09c-76a4-4a10-be0d-f4a81cfcab5d[0m
  [2msrc/orchestra/sprint-terminal-evidence.ts | attempt a8543f4c-823d-4dee-b85a-9834bada83b2[0m
  [2mtests/orchestra/sprint-finalizer-terminal-publication.test.ts | attempt 6f802244-dc2e-4519-b3ca-9c0c906fd04e[0m
  [2mtests/orchestra/sprint-finalizer.test.ts | attempt 41d7a09c-76a4-4a10-be0d-f4a81cfcab5d[0m
  [2m... 3 more files[0m

[1mTests[0m
  +4 new │ 4 total │ 0.0% coverage

[1mAgent Performance[0m
  [2mAgent          Tasks  Done%[0m
  implementer        2  [32m 100%[0m
  test-guardian      2  [32m 100%[0m

[1mLearnings[0m
  [32m✓[0m Executed reason set: ATTRIBUTION_EXCLUDED and LINEAGE_NOT_COMPLETED. Both are caused by the cascadeSkipped 703-903 row; the policy-terminal FORCED_SKILL_UNAVAILABLE 703-902 row is NOT_APPLICABLE, verified zero-work, and policySettledSkip, so it contributes no cleanup block.
Coverage was not measured.
docImpact: none.
  [33m⚠[0m Implemented dedicated typed settled evidence rows for host-terminal NOT_DISPATCHED and exact host cascade-skip identities. Valid settled synthetics bypass only the four trace-bound false blockers: unsettled, partial, attribution exclusion, and lineage-not-completed; malformed evidence and ordinary worker NO_GO remain fail-closed.
No user-facing copy or message catalog change was required.
docImpact: none.
Coverage was not measured.
  [32m✓[0m Published terminal truth now preserves three distinct lineage classes from typed evidence and the mixed-outcome receipt passes through the real cleanupEligibility gate. No catalog change was needed because no user-facing copy was added.
docImpact: none.
Coverage was not measured.

[1mNext Steps[0m
  → All tasks complete — ready for next sprint
Sprint 703 Complete!

Results: 4/4 tasks succeeded
Time: 15 minutes 32s total

What went well:
  ✓ No boundary violations

Next steps:
  → Run `deckent retro` for detailed retrospective
  → Run `deckent status --debt` to see tech debt
  → Ready for next sprint
