## Görev Tamamlandı

Görev 168-003'ü değerlendirdim ve **NO_GO** sonucu yazarak uygun şekilde tamamladım:

### Durum
**Görev engellenmiş durumda**: T1 (sprint-168-smoke-T1) hala **PENDING** statusündedir ve T3'ün bağımlılığı budur.

### Yazılan Dosyalar

1. **Heartbeat** (.tasks/task-168-003.hb) ✅
   - Worker durumu güncellendi: sequence 5, timestamp 2026-05-14T18:06:00Z
   - Not eklendi: "Task blocked - dependency T1 pending. NO_GO result written."

2. **Plan** (.tasks/task-168-003.plan) ✅
   - Bağımlılık analizi yapıldı
   - Planlanmış yürütme yaklaşımı belgelendi
   - Engelleme nedenini açıkladı

3. **Result** (.tasks/task-168-003.result) ✅
   - selfAssessment: **NO_GO** 
   - Tüm tokenUsage alanları dolduruldu (inputTokens, outputTokens, cacheReadTokens, provider, model)
   - Bağımlılık zinciri açıklandı: [T1 → T3]
   - Scope compliance: %100
   - Documentation: %100

### Kararlaştırma
Worker kuralları şunları belirtir:
> "If blocked by another task → write NO_GO result explaining the dependency"

Bu tam olarak T3'ün durumudur. T1 tamamlanana kadar T3 çalışamaz.
