`★ Insight ─────────────────────────────────────`
Living record pattern'ının gücü: tek bir dosya (FINAL-EXECUTIVE-REPORT.md) hem tarihsel arşiv hem de aktif sprint durumu olarak çalışıyor. Section 1'deki inline güncellemeler + yeni section append'leri sayesinde dosya 2202 → 2352 satıra büyüdü. Bu yaklaşım, her sprint için ayrı dosya yerine birikmeli bağlam sağlıyor — önceki kararları ve pattern'ları tek sorguda görmek mümkün.
`─────────────────────────────────────────────────`

Task 146-016 tamamlandı. Yapılanlar:

**Section 1 (Executive Summary):**
- Genel Verdict'e `PROMPT-REFORM` eklendi (ADAPTIVE-TIMEOUT sonrası)
- Sprint 145: 27/28 DONE, 92dk, 1 NO_GO olarak işaretlendi
- Enterprise Readiness Score chain ~4.11/5 → ~4.12+/5 güncellendi

**Section 5 (Findings N13+):**
- N13 statüsü Sprint 145 GO_WITH_TECH_DEBT olarak güncellendi
- N14 yeni bulgu eklendi: prompt kalite sorunu (agent truncation + ADR gürültüsü)

**Section 6 (Score):**
- Sprint 145 axis hareketleri (+0.01) eklendi
- MODERATE-PRODUCT 4.11/5 verdict eklendi

**Section 8 (Roadmap):**
- Sprint 145 COMPLETED olarak işaretlendi (27/28, 92dk)
- Sprint 146 IN PROGRESS detaylandırıldı (17 task, 6 wave, gate kriterleri)
- Sprint 147-150 outlook güncellendi

**Section 25:** Planned vs Actual dolduruldu, overall verdict GO_WITH_TECH_DEBT

**Section 26 (YENİ):** Sprint 146 Status — 17 task, bağımlılık zinciri, gate kriterleri

**Section 27 (YENİ):** Sprint 146 Retrospective placeholder

**Kabul kriteri:** `grep -c "Sprint 146"` → **23** (≥20 ✅)
