Task 167-006 T6 audit tamamlandı. Tüm 3 deliverable üretildi ve predicate PASS doğrulandı.

**Özet:**

| Deliverable | Boyut | Predicate |
|-------------|-------|-----------|
| `T6-test-build-security.md` | 706 satır, 9 section, 78 BLOCKER\|ACCEPTED tag | ✅ (≥500, ≥6 section, ≥10 tag) |
| `oss-whitelist.json` | 5 whitelist entry, 0 blocker, valid JSON | ✅ (≥2 entry) |
| `T6-predicate.sh` | 10 falsifiable check | ✅ bash exit 0 |

**Verify:**
- `tsc --noEmit` exit 0 ✅ canlı doğrulandı
- `bash .audit/sprint-167/T6-predicate.sh` → RESULT: PASS, exit 0 ✅

**Ana bulgular (Sprint 168 input):**
- tsc baseline: 0 hata
- Vitest skip envanteri: 9 kategori, plan tolerans ≤41 dahilinde
- 2 chronic E2E fail (docker timeout + tmux banner): Bug Z sonrası low-frequency residual
- Sensitive data: **0 gerçek leak** — Alperen-whitelist 2 pattern ACCEPTED + 3 sentetik test fixture ACCEPTED
- dist/dashboard EKSİK (Tutarsızlık #15 doğrulandı) → Sprint 168 P0
- dep_pipeline_enabled 3-layer drift (DECKENT.md ↔ DIRECTIVES.md ↔ src default) → Sprint 168 P0
- VerhexIO public repo flip prereq: `.detect-secrets` baseline + `validate-publish` CI gate Sprint 168 P0
- 10 finding 4-field yapısıyla Sprint 168 roadmap'e seed edildi

`task-167-006.result` selfAssessment: **DONE** ile yazıldı; scope compliance %100, hiçbir src/tests/dist/docs mutation yok.
