vite v6.4.1 building for production...
transforming...
✓ 2291 modules transformed.
rendering chunks...
computing gzip size...
../../../staging-dist/dashboard/index.html                           0.59 kB │ gzip:   0.38 kB
../../../staging-dist/dashboard/assets/index-Dzal6fCm.css           67.92 kB │ gzip:  12.76 kB
../../../staging-dist/dashboard/assets/MemoryPage-MM2w0pPg.js        0.29 kB │ gzip:   0.23 kB
../../../staging-dist/dashboard/assets/list-todo-D1RhDQM2.js         0.47 kB │ gzip:   0.32 kB
../../../staging-dist/dashboard/assets/CallbackPage-CsUS4QTR.js      1.76 kB │ gzip:   0.87 kB
../../../staging-dist/dashboard/assets/oidc-flow-BP3n7By_.js         2.24 kB │ gzip:   0.96 kB
../../../staging-dist/dashboard/assets/DocsHealthPage-zu1tcpyF.js    3.14 kB │ gzip:   1.17 kB
../../../staging-dist/dashboard/assets/AutonomousPage-IS5au6uy.js    4.41 kB │ gzip:   1.32 kB
../../../staging-dist/dashboard/assets/MissionsPage-plpVfIaK.js      5.18 kB │ gzip:   1.88 kB
../../../staging-dist/dashboard/assets/LoginPage-CiSOS48t.js         6.37 kB │ gzip:   2.70 kB
../../../staging-dist/dashboard/assets/StatusPage-BG7_gMXV.js       14.08 kB │ gzip:   3.82 kB
../../../staging-dist/dashboard/assets/ConfigPage-DhZ77A6P.js       17.41 kB │ gzip:   5.13 kB
../../../staging-dist/dashboard/assets/HistoryPage-USzZv5fj.js     399.43 kB │ gzip: 109.67 kB
../../../staging-dist/dashboard/assets/index-DdprnStb.js           760.54 kB │ gzip: 206.59 kB
✓ built in 3.13s
{"event":"BUILD_COMMITTED","runId":"53d1c9cf-d55c-44e5-a2c9-1543aa901c19","scope":"all","state":"committed","sourceDigest":"3ef8ef87e0cac19668b452ab7b45d661eecf1f6e8194d182ed6f53e9fc1c5cbe","artifactDigest":"946a46d54e632d1368e0d0333f3cd798516e3f23b428ec42ae60aeaba178fdf4","retainedBackupPath":"/home/alperen/deckent-dev/.deckent/build/runs/53d1c9cf-d55c-44e5-a2c9-1543aa901c19/backup-dist"}
