
 RUN  v3.2.7 /home/alperen/deckent-dev

 ❯ tests/orchestra/exact-controller-terminal-fanin.test.ts (48 tests | 2 failed | 45 skipped) 60ms
   ✓ exact controller terminal fan-in behavior > writes fresh PLAN authority before coordinator publication with prior state absent 27ms
   × exact controller terminal fan-in behavior > writes fresh PLAN authority before coordinator publication with prior state ABORTED 19ms
     → expected RunStatusReadModelError: Coordinator stat… { code: '…' } to be DeckentError: TEST_AFTER_FRESH_PLAN_CHECK… { …(6) } // Object.is equality
   × exact controller terminal fan-in behavior > writes fresh PLAN authority before coordinator publication with prior state COMPLETE 12ms
     → expected RunStatusReadModelError: Coordinator stat… { code: '…' } to be DeckentError: TEST_AFTER_FRESH_PLAN_CHECK… { …(6) } // Object.is equality
   ↓ exact controller terminal fan-in behavior > still rejects a missing terminal authority for an exact task in the current sprint
   ↓ exact controller terminal fan-in behavior > still rejects a held terminal authority for an exact task in the current sprint
   ↓ exact controller terminal fan-in behavior > replays a production receipt and completes terminal skill publication after a post-receipt recovery crash
   ↓ exact controller terminal fan-in behavior > propagates completed-recovery terminalization failure without entering fresh PLAN
   ↓ exact controller terminal fan-in behavior > settles a cold recovered accepted result and fresh-reads T11 before restore
   ↓ exact controller terminal fan-in behavior > keeps a durable exact NOT_DISPATCHED admission out of settlement
   ↓ exact controller terminal fan-in behavior > preserves a safe recovered authority HOLD reason without exposing raw diagnostics
   ↓ exact controller terminal fan-in behavior > replaces unsafe recovered authority diagnostics with the typed fallback
   ↓ exact controller terminal fan-in behavior > preserves a safe exact settlement HOLD reason
   ↓ exact controller terminal fan-in behavior > fails closed when recovered acceptance cannot become a current terminal receipt
   ↓ exact controller terminal fan-in behavior > retires a foreign unsettleable recovered attempt on a fresh start
   ↓ exact controller terminal fan-in behavior > still fails closed when the unsettleable attempt is the restore candidate
   ↓ exact controller terminal fan-in behavior > never retires an attempt from a later sprint than the restore candidate
   ↓ exact controller terminal fan-in behavior > never retires while the owning run is still ACTIVE
   ↓ exact controller terminal fan-in behavior > never retires when the owning-run lifecycle read returns unknown
   ↓ exact controller terminal fan-in behavior > never retires when the owning-run lifecycle read returns null
   ↓ exact controller terminal fan-in behavior > never retires when the owning-run lifecycle read throws
   ↓ exact controller terminal fan-in behavior > never retires when the accepted authority is not identity-bound to the task
   ↓ exact controller terminal fan-in behavior > never calls a bare archive directory terminal
   ↓ exact controller terminal fan-in behavior > never calls an ACTIVE settlement record terminal
   ↓ exact controller terminal fan-in behavior > never calls a bare pid snapshot terminal
   ↓ exact controller terminal fan-in behavior > never calls an unbound job record terminal
   ↓ exact controller terminal fan-in behavior > reads an identity-proven terminal flow closure as durably terminal
   ↓ exact controller terminal fan-in behavior > never calls an identity-unproven flow terminal
   ↓ exact controller terminal fan-in behavior > never calls an ACTIVE authority row terminal
   ↓ exact controller terminal fan-in behavior > binds a recovered attempt identity only when every custody field is present
   ↓ exact controller terminal fan-in behavior > re-derives terminal history for immutable missing worker evidence after each cold start
   ↓ exact controller terminal fan-in behavior > keeps immutable missing evidence held at an unsafe owner boundary: {"current":"sprint-913","lifecycle":"terminal"}
   ↓ exact controller terminal fan-in behavior > keeps immutable missing evidence held at an unsafe owner boundary: {"current":"sprint-912","lifecycle":"terminal"}
   ↓ exact controller terminal fan-in behavior > keeps immutable missing evidence held at an unsafe owner boundary: {"current":null,"lifecycle":"not-terminal"}
   ↓ exact controller terminal fan-in behavior > keeps immutable missing evidence held at an unsafe owner boundary: {"current":null,"lifecycle":"unknown"}
   ↓ exact controller terminal fan-in behavior > requires a generation-bound disk closure for missing worker evidence (bound=true)
   ↓ exact controller terminal fan-in behavior > requires a generation-bound disk closure for missing worker evidence (bound=false)
   ↓ exact controller terminal fan-in behavior > keeps missing worker evidence held for unbound-identity
   ↓ exact controller terminal fan-in behavior > keeps missing worker evidence held for terminal-reread
   ↓ exact controller terminal fan-in behavior > retires a foreign attempt whose evaluation replay can never match again
   ↓ exact controller terminal fan-in behavior > never retires a hold whose origin is the post-settle terminal re-read
   ↓ exact controller terminal fan-in behavior > never retires a transient registry-mismatch settlement hold
   ↓ exact controller terminal fan-in behavior > never retires an actionable non-hold settlement outcome
   ↓ exact controller terminal fan-in behavior > classifies only decided, permanent settlement holds as retirable
   ↓ exact controller terminal fan-in behavior > treats a zero-padded restore candidate as the same sprint
   ↓ exact controller terminal fan-in behavior > never retires when the restore candidate sprint id cannot be parsed
   ↓ exact controller terminal fan-in behavior > never retires a task id whose owning sprint cannot be derived
   ↓ exact controller terminal fan-in behavior > ignores a forged public cascade/pre-dispatch result for an exact task
   ↓ exact controller terminal fan-in behavior > does not publish a ready handoff from worker DONE when T11 says NO_GO

⎯⎯⎯⎯⎯⎯⎯ Failed Tests 2 ⎯⎯⎯⎯⎯⎯⎯

 FAIL  tests/orchestra/exact-controller-terminal-fanin.test.ts > exact controller terminal fan-in behavior > writes fresh PLAN authority before coordinator publication with prior state ABORTED
 FAIL  tests/orchestra/exact-controller-terminal-fanin.test.ts > exact controller terminal fan-in behavior > writes fresh PLAN authority before coordinator publication with prior state COMPLETE
AssertionError: expected RunStatusReadModelError: Coordinator stat… { code: '…' } to be DeckentError: TEST_AFTER_FRESH_PLAN_CHECK… { …(6) } // Object.is equality

- Expected
+ Received

- DeckentError {
-   "message": "TEST_AFTER_FRESH_PLAN_CHECKPOINT",
-   "code": "DECKENT_E091",
-   "suggestion": undefined,
-   "docLink": undefined,
-   "whatHappened": undefined,
-   "why": undefined,
-   "howToFix": undefined,
-   "name": "DeckentError",
+ RunStatusReadModelError {
+   "message": "Coordinator status snapshot authority mismatch",
+   "code": "INVALID_MODEL",
+   "name": "RunStatusReadModelError",
  }

 ❯ tests/orchestra/exact-controller-terminal-fanin.test.ts:309:5
    307|     };
    308| 
    309|     await expect(runSprint(projectRoot, {
       |     ^
    310|       deckent_style: 'sprint',
    311|       routing_engine: 'v3',

⎯⎯⎯⎯⎯⎯⎯⎯⎯⎯⎯⎯⎯⎯⎯⎯⎯⎯⎯⎯⎯⎯⎯⎯[1/2]⎯


 Test Files  1 failed (1)
      Tests  2 failed | 1 passed | 45 skipped (48)
   Start at  18:29:05
   Duration  6.21s (transform 3.39s, setup 20ms, collect 4.68s, tests 60ms, environment 0ms, prepare 39ms)

