{
  "at": "2026-09-13T22:27:59.079Z",
  "kind": "real-native-isolated-read",
  "elapsedMs": 11.51807199999999,
  "before": {
    "root": {
      "ctimeNs": "1789338479030843096",
      "mtimeNs": "1789338479030843096",
      "mode": "700",
      "ino": "1271980"
    },
    "parent": {
      "ctimeNs": "1789338479043549297",
      "mtimeNs": "1789338479043549297",
      "mode": "700",
      "ino": "1271982"
    },
    "file": {
      "ctimeNs": "1789338479043549297",
      "mtimeNs": "1789338479043549297",
      "mode": "400",
      "ino": "1271983"
    }
  },
  "after": {
    "root": {
      "ctimeNs": "1789338479030843096",
      "mtimeNs": "1789338479030843096",
      "mode": "700",
      "ino": "1271980"
    },
    "parent": {
      "ctimeNs": "1789338479043549297",
      "mtimeNs": "1789338479043549297",
      "mode": "700",
      "ino": "1271982"
    },
    "file": {
      "ctimeNs": "1789338479043549297",
      "mtimeNs": "1789338479043549297",
      "mode": "400",
      "ino": "1271983"
    }
  },
  "checks": {
    "verifiedReadMatches": true,
    "directoryReadMatches": true,
    "scanMatches": true,
    "readMatches": true,
    "metadataUnchanged": true,
    "writerPrivate": true,
    "unsafePermissionsRejectedWithoutRepair": true
  }
}
