{
  "at": "2026-09-13T22:29:21.597Z",
  "kind": "real-native-isolated-read",
  "elapsedMs": 10.435298000000003,
  "before": {
    "root": {
      "ctimeNs": "1789338561545260402",
      "mtimeNs": "1789338561545260402",
      "mode": "700",
      "ino": "1271986"
    },
    "parent": {
      "ctimeNs": "1789338561562312567",
      "mtimeNs": "1789338561562312567",
      "mode": "700",
      "ino": "1271989"
    },
    "file": {
      "ctimeNs": "1789338561562312567",
      "mtimeNs": "1789338561562312567",
      "mode": "400",
      "ino": "1271990"
    }
  },
  "after": {
    "root": {
      "ctimeNs": "1789338561545260402",
      "mtimeNs": "1789338561545260402",
      "mode": "700",
      "ino": "1271986"
    },
    "parent": {
      "ctimeNs": "1789338561562312567",
      "mtimeNs": "1789338561562312567",
      "mode": "700",
      "ino": "1271989"
    },
    "file": {
      "ctimeNs": "1789338561562312567",
      "mtimeNs": "1789338561562312567",
      "mode": "400",
      "ino": "1271990"
    }
  },
  "checks": {
    "verifiedReadMatches": true,
    "directoryReadMatches": true,
    "scanMatches": true,
    "readMatches": true,
    "metadataUnchanged": true,
    "writerPrivate": true,
    "unsafePermissionsRejectedWithoutRepair": true
  }
}
