{
  "at": "2026-09-13T22:25:29.192Z",
  "kind": "real-native-isolated-read",
  "elapsedMs": 5.128009000000006,
  "before": {
    "root": {
      "ctimeNs": "1789338329149680400",
      "mtimeNs": "1789338329149680400",
      "mode": "700",
      "ino": "1271977"
    },
    "parent": {
      "ctimeNs": "1789338329162386796",
      "mtimeNs": "1789338329162386796",
      "mode": "700",
      "ino": "1271979"
    },
    "file": {
      "ctimeNs": "1789338329162386796",
      "mtimeNs": "1789338329162386796",
      "mode": "400",
      "ino": "1271980"
    }
  },
  "after": {
    "root": {
      "ctimeNs": "1789338329149680400",
      "mtimeNs": "1789338329149680400",
      "mode": "700",
      "ino": "1271977"
    },
    "parent": {
      "ctimeNs": "1789338329183564124",
      "mtimeNs": "1789338329162386796",
      "mode": "700",
      "ino": "1271979"
    },
    "file": {
      "ctimeNs": "1789338329162386796",
      "mtimeNs": "1789338329162386796",
      "mode": "400",
      "ino": "1271980"
    }
  },
  "checks": {
    "readMatches": true,
    "metadataUnchanged": false,
    "writerPrivate": true,
    "unsafePermissionsRejectedWithoutRepair": true
  }
}
