## Task 145-027 Tamamlandı: Memory V2 Prod-Readiness Validation + 1000-Entry Stress

`★ Insight ─────────────────────────────────────`
**Neden bu test'ler beta GA için kritik:**
1. **FTS5 dual-layer normalize** — Türkçe `ışık`, büyük harf `IŞIK` ve ASCII `isik` aynı entry'yi buluyor. Bu, i18n-aware search'ün production'da güvenilir olduğunu kanıtlıyor.
2. **1000-entry ölçek** — Gerçek bir projede 145+ sprint sonrası ~500-1000 entry birikmesi bekleniyor. SQLite WAL mode bu yükte her query'yi <100ms'de çözüyor.
3. **Export→reimport roundtrip** — `parseDecisionsMd` regex'inin ADR ID formatına duyarlı olduğu keşfedildi (`ADR-NNN` büyük harf gerekli). Bu edge case prod'da veri kaybını önlerdi.
`─────────────────────────────────────────────────`

### Sonuçlar

| Dosya | Test | Durum |
|-------|------|-------|
| `memory-v2-prod-readiness.test.ts` | 7 test | **7/7 PASS** |
| `memory-v2-stress.test.ts` | 8 test | **8/8 PASS** |
| **Toplam** | **15 test** | **15/15 PASS** |

### Performans Hedefleri

| Metrik | Hedef | Gerçekleşen |
|--------|-------|-------------|
| FTS5 query | < 100ms | PASS (tümü) |
| DB boyutu | < 5MB | PASS |
| Export süresi | < 500ms | PASS |
| Decay süresi | < 500ms | PASS |
| Concurrent read | 0 hata | PASS |
