
 RUN  v3.2.7 /home/alperen/deckent-dev

 ✓ tests/orchestra/sprint-checkpoint.test.ts (55 tests) 385ms
[scheduler-effects] task 700-005-fix: routing-lineage-missing: original task does-not-exist (fix target for 700-005-fix) could not be read at /tmp/sched3-inherit-53b7a374/.tasks/task-does-not-exist.json — spawn blocked
[scheduler-effects] task 700-006-fix: routing-lineage-missing: original task 700-006 JSON is corrupt: Expected property name or '}' in JSON at position 2 (line 1 column 3) — spawn blocked
stdout | tests/orchestra/scheduler-spawn-executor.test.ts > waitForResults — queue-completion trigger (processQueue) delegates to executeSpawnTask > spawns the queued fix-task with inherited routing fields and persists task-<id>.json (behavior a + b, live wiring)
[deckent] scheduler engine: legacy

 ✓ tests/orchestra/exact-controller-terminal-fanin.test.ts (50 tests) 1097ms
   ✓ exact controller terminal fan-in behavior > never calls an identity-unproven flow terminal  457ms
stdout | tests/orchestra/scheduler-spawn-executor.test.ts > waitForResults — queue-completion trigger (processQueue) delegates to executeSpawnTask > propagates one provider-authority HOLD instead of retrying a queued task
[deckent] scheduler engine: legacy

stdout | tests/orchestra/scheduler-spawn-executor.test.ts > waitForResults — dep-ready trigger (dispatchReadyTasks) delegates to executeSpawnTask > spawns a dependency-ready fix-task with inherited routing fields and persists task-<id>.json (behavior a + b, live wiring)
[deckent] scheduler engine: legacy

 ✓ tests/orchestra/scheduler-spawn-executor.test.ts (35 tests) 2375ms
   ✓ executeSpawnTask — exact normal-Docker publication order > preserves and freshly revalidates a current terminal across accepted recovery ownership transfer  971ms
   ✓ waitForResults — queue-completion trigger (processQueue) delegates to executeSpawnTask > spawns the queued fix-task with inherited routing fields and persists task-<id>.json (behavior a + b, live wiring)  304ms
   ✓ waitForResults — dep-ready trigger (dispatchReadyTasks) delegates to executeSpawnTask > spawns a dependency-ready fix-task with inherited routing fields and persists task-<id>.json (behavior a + b, live wiring)  302ms
stdout | tests/orchestra/result-collector.test.ts > result-collector timeout detection > detects .timeout file and writes synthetic NO_GO result
[deckent] scheduler engine: legacy

stdout | tests/orchestra/result-collector.test.ts > result-collector timeout detection > prefers real .result over .timeout when both exist
[deckent] scheduler engine: legacy

stdout | tests/orchestra/result-collector.test.ts > result-collector timeout detection > collects normal results without timeout marker
[deckent] scheduler engine: legacy

stdout | tests/orchestra/result-collector.test.ts > result-collector timeout detection > handles multiple tasks with mixed results and timeouts
[deckent] scheduler engine: legacy

stdout | tests/orchestra/result-collector.test.ts > result-collector timeout detection > cascade-skips a dependent whose dependency NO_GO'd, no EXECUTE hang (P0-A)
[deckent] scheduler engine: legacy

stdout | tests/orchestra/result-collector.test.ts > waitForResults — transactional collect/evaluate/sync > retries an evaluator throw without losing or duplicating the collected result
[deckent] scheduler engine: legacy

stdout | tests/orchestra/result-collector.test.ts > waitForResults — repairable dependency parking > yields to FIX with the dependent PAUSED and no synthetic result
[deckent] scheduler engine: legacy

stdout | tests/orchestra/result-collector.test.ts > waitForResults — token enrichment integration > enriches collected results with estimated tokenUsage
[deckent] scheduler engine: legacy

stdout | tests/orchestra/result-collector.test.ts > waitForResults — token enrichment integration > does not overwrite worker-reported tokenUsage during collection
[deckent] scheduler engine: legacy

stdout | tests/orchestra/result-collector.test.ts > waitForResults — token enrichment integration > enriches 12 tasks and total tokens > 0
[deckent] scheduler engine: legacy

stdout | tests/orchestra/result-collector.test.ts > exact effect HOLD collection > parks undefined evidence without a TaskResult or dispatching the dependent
[deckent] scheduler engine: legacy

stdout | tests/orchestra/result-collector.test.ts > exact effect HOLD collection > parks RECOVERABLE_EXHAUSTED evidence without a TaskResult or dispatching the dependent
[deckent] scheduler engine: legacy

stdout | tests/orchestra/result-collector.test.ts > exact effect HOLD collection > parks PUBLICATION_FAILED evidence without a TaskResult or dispatching the dependent
[deckent] scheduler engine: legacy

 ✓ tests/orchestra/result-collector.test.ts (30 tests) 150ms
 ✓ tests/orchestra/production-wiring-outer-barrier.test.ts (15 tests) 17ms
stdout | tests/orchestra/result-collector-settlement-authority.test.ts > result collector settlement authority wire > syncs exact accepted custody only through terminal settlement authority
[deckent] scheduler engine: legacy

stdout | tests/orchestra/result-collector-settlement-authority.test.ts > result collector settlement authority wire > holds exact collection when worker-writable public result bytes predate projection
[deckent] scheduler engine: legacy

stdout | tests/orchestra/result-collector-settlement-authority.test.ts > result collector settlement authority wire > holds foreign or structurally forged terminal authority without mutating task status
[deckent] scheduler engine: legacy

stdout | tests/orchestra/result-collector-settlement-authority.test.ts > result collector settlement authority wire > holds foreign or structurally forged terminal authority without mutating task status
[deckent] scheduler engine: legacy

stdout | tests/orchestra/result-collector-settlement-authority.test.ts > result collector settlement authority wire > holds foreign or structurally forged terminal authority without mutating task status
[deckent] scheduler engine: legacy

stdout | tests/orchestra/result-collector-settlement-authority.test.ts > result collector settlement authority wire > holds foreign or structurally forged terminal authority without mutating task status
[deckent] scheduler engine: legacy

stdout | tests/orchestra/result-collector-settlement-authority.test.ts > result collector settlement authority wire > holds foreign or structurally forged terminal authority without mutating task status
[deckent] scheduler engine: legacy

stdout | tests/orchestra/result-collector-settlement-authority.test.ts > result collector settlement authority wire > holds foreign or structurally forged terminal authority without mutating task status
[deckent] scheduler engine: legacy

stdout | tests/orchestra/result-collector-settlement-authority.test.ts > result collector settlement authority wire > holds foreign or structurally forged terminal authority without mutating task status
[deckent] scheduler engine: legacy

stdout | tests/orchestra/result-collector-settlement-authority.test.ts > result collector settlement authority wire > rolls back status when bounded terminal revalidation returns oversized or cyclic authority
[deckent] scheduler engine: legacy

stdout | tests/orchestra/result-collector-settlement-authority.test.ts > result collector settlement authority wire > rolls back status when bounded terminal revalidation returns oversized or cyclic authority
[deckent] scheduler engine: legacy

stdout | tests/orchestra/result-collector-settlement-authority.test.ts > result collector settlement authority wire > rolls back status when bounded terminal revalidation returns oversized or cyclic authority
[deckent] scheduler engine: legacy

stdout | tests/orchestra/result-collector-settlement-authority.test.ts > result collector settlement authority wire > rolls back status when bounded terminal revalidation returns oversized or cyclic authority
[deckent] scheduler engine: legacy

stdout | tests/orchestra/result-collector-settlement-authority.test.ts > result collector settlement authority wire > preserves an accepted sibling across fatal initial HOLD (deferred=false), without new dispatch
[deckent] scheduler engine: legacy

stdout | tests/orchestra/result-collector-settlement-authority.test.ts > result collector settlement authority wire > preserves an accepted sibling across fatal initial HOLD (deferred=true), without new dispatch
[deckent] scheduler engine: legacy

stdout | tests/orchestra/result-collector-settlement-authority.test.ts > result collector settlement authority wire > holds exact custody when no terminal settlement authority is supplied
[deckent] scheduler engine: legacy

stdout | tests/orchestra/result-collector-settlement-authority.test.ts > result collector settlement authority wire > settles a no-dispatch authority with zero attempts and no synthetic result
[deckent] scheduler engine: legacy

stdout | tests/orchestra/result-collector-settlement-authority.test.ts > result collector settlement authority wire > fails closed instead of reading public question bytes in normal Docker mode
[deckent] scheduler engine: legacy

stdout | tests/orchestra/result-collector-settlement-authority.test.ts > result collector settlement authority wire > waits past an early raw Docker DONE and collects the later host settlement
[deckent] scheduler engine: legacy

stdout | tests/orchestra/result-collector-settlement-authority.test.ts > result collector settlement authority wire > repairs a malformed raw result through terminal-only reconciliation during the live wait
[deckent] scheduler engine: legacy

stdout | tests/orchestra/result-collector-settlement-authority.test.ts > result collector settlement authority wire > parks an unclassified capture HOLD that arrives during the IPC poll
[deckent] scheduler engine: legacy

stdout | tests/orchestra/result-collector-settlement-authority.test.ts > result collector settlement authority wire > records exact IPC projection debt once without blocking private answer success
[deckent] scheduler engine: legacy

 ✓ tests/orchestra/result-collector-settlement-authority.test.ts (15 tests) 9958ms
   ✓ result collector settlement authority wire > syncs exact accepted custody only through terminal settlement authority  4515ms
   ✓ result collector settlement authority wire > holds foreign or structurally forged terminal authority without mutating task status  1178ms
   ✓ result collector settlement authority wire > rolls back status when bounded terminal revalidation returns oversized or cyclic authority  1179ms
   ✓ result collector settlement authority wire > preserves an accepted sibling across fatal initial HOLD (deferred=false), without new dispatch  1172ms
   ✓ result collector settlement authority wire > preserves an accepted sibling across fatal initial HOLD (deferred=true), without new dispatch  1187ms
 ✓ tests/orchestra/exact-pause-resume-custody.test.ts (3 tests) 3ms

 Test Files  7 passed (7)
      Tests  203 passed (203)
   Start at  10:52:47
   Duration  14.56s (transform 4.07s, setup 61ms, collect 10.88s, tests 13.99s, environment 1ms, prepare 212ms)

